../Core/Src/stm32l0xx_hal_msp.c:66:6:HAL_MspInit	8	static
../Core/Src/stm32l0xx_hal_msp.c:91:6:HAL_I2C_MspInit	48	static
../Core/Src/stm32l0xx_hal_msp.c:128:6:HAL_I2C_MspDeInit	16	static
../Core/Src/stm32l0xx_hal_msp.c:159:6:HAL_TIM_PWM_MspInit	16	static
../Core/Src/stm32l0xx_hal_msp.c:195:6:HAL_TIM_MspPostInit	48	static
../Core/Src/stm32l0xx_hal_msp.c:227:6:HAL_TIM_PWM_MspDeInit	16	static
../Core/Src/stm32l0xx_hal_msp.c:252:6:HAL_UART_MspInit	48	static
../Core/Src/stm32l0xx_hal_msp.c:292:6:HAL_UART_MspDeInit	16	static
