../Core/Service/serviceRS485.c:275:13:serviceRS485_threadReception	56	static
../Core/Service/serviceRS485.c:498:13:serviceRS485_retireTrameRx	32	static
../Core/Service/serviceRS485.c:59:6:serviceRS485_initialise	16	static
../Core/Service/serviceRS485.c:89:6:serviceRS485_write	40	static
../Core/Service/serviceRS485.c:167:9:serviceRS485_readAvecSlave	48	static
../Core/Service/serviceRS485.c:140:9:serviceRS485_read	8	static
../Core/Service/serviceRS485.c:222:9:serviceRS485_trameDisponible	16	static
../Core/Service/serviceRS485.c:243:9:serviceRS485_litTrame	16	static
