Archive member included to satisfy reference by file (symbol)

C:/ST/STM32CubeIDE_1.18.1/STM32CubeIDE/plugins/com.st.stm32cube.ide.mcu.externaltools.gnu-tools-for-stm32.14.3.rel1.win32_1.0.100.202602081740/tools/bin/../lib/gcc/arm-none-eabi/14.3.1/../../../../arm-none-eabi/lib/thumb/v6-m/nofp\libc_nano.a(libc_a-exit.o)
                              C:/ST/STM32CubeIDE_1.18.1/STM32CubeIDE/plugins/com.st.stm32cube.ide.mcu.externaltools.gnu-tools-for-stm32.14.3.rel1.win32_1.0.100.202602081740/tools/bin/../lib/gcc/arm-none-eabi/14.3.1/../../../../arm-none-eabi/lib/thumb/v6-m/nofp/crt0.o (exit)
C:/ST/STM32CubeIDE_1.18.1/STM32CubeIDE/plugins/com.st.stm32cube.ide.mcu.externaltools.gnu-tools-for-stm32.14.3.rel1.win32_1.0.100.202602081740/tools/bin/../lib/gcc/arm-none-eabi/14.3.1/../../../../arm-none-eabi/lib/thumb/v6-m/nofp\libc_nano.a(libc_a-findfp.o)
                              C:/ST/STM32CubeIDE_1.18.1/STM32CubeIDE/plugins/com.st.stm32cube.ide.mcu.externaltools.gnu-tools-for-stm32.14.3.rel1.win32_1.0.100.202602081740/tools/bin/../lib/gcc/arm-none-eabi/14.3.1/../../../../arm-none-eabi/lib/thumb/v6-m/nofp\libc_nano.a(libc_a-exit.o) (__stdio_exit_handler)
C:/ST/STM32CubeIDE_1.18.1/STM32CubeIDE/plugins/com.st.stm32cube.ide.mcu.externaltools.gnu-tools-for-stm32.14.3.rel1.win32_1.0.100.202602081740/tools/bin/../lib/gcc/arm-none-eabi/14.3.1/../../../../arm-none-eabi/lib/thumb/v6-m/nofp\libc_nano.a(libc_a-fwalk.o)
                              C:/ST/STM32CubeIDE_1.18.1/STM32CubeIDE/plugins/com.st.stm32cube.ide.mcu.externaltools.gnu-tools-for-stm32.14.3.rel1.win32_1.0.100.202602081740/tools/bin/../lib/gcc/arm-none-eabi/14.3.1/../../../../arm-none-eabi/lib/thumb/v6-m/nofp\libc_nano.a(libc_a-findfp.o) (_fwalk_sglue)
C:/ST/STM32CubeIDE_1.18.1/STM32CubeIDE/plugins/com.st.stm32cube.ide.mcu.externaltools.gnu-tools-for-stm32.14.3.rel1.win32_1.0.100.202602081740/tools/bin/../lib/gcc/arm-none-eabi/14.3.1/../../../../arm-none-eabi/lib/thumb/v6-m/nofp\libc_nano.a(libc_a-stdio.o)
                              C:/ST/STM32CubeIDE_1.18.1/STM32CubeIDE/plugins/com.st.stm32cube.ide.mcu.externaltools.gnu-tools-for-stm32.14.3.rel1.win32_1.0.100.202602081740/tools/bin/../lib/gcc/arm-none-eabi/14.3.1/../../../../arm-none-eabi/lib/thumb/v6-m/nofp\libc_nano.a(libc_a-findfp.o) (__sread)
C:/ST/STM32CubeIDE_1.18.1/STM32CubeIDE/plugins/com.st.stm32cube.ide.mcu.externaltools.gnu-tools-for-stm32.14.3.rel1.win32_1.0.100.202602081740/tools/bin/../lib/gcc/arm-none-eabi/14.3.1/../../../../arm-none-eabi/lib/thumb/v6-m/nofp\libc_nano.a(libc_a-memset.o)
                              C:/ST/STM32CubeIDE_1.18.1/STM32CubeIDE/plugins/com.st.stm32cube.ide.mcu.externaltools.gnu-tools-for-stm32.14.3.rel1.win32_1.0.100.202602081740/tools/bin/../lib/gcc/arm-none-eabi/14.3.1/../../../../arm-none-eabi/lib/thumb/v6-m/nofp/crt0.o (memset)
C:/ST/STM32CubeIDE_1.18.1/STM32CubeIDE/plugins/com.st.stm32cube.ide.mcu.externaltools.gnu-tools-for-stm32.14.3.rel1.win32_1.0.100.202602081740/tools/bin/../lib/gcc/arm-none-eabi/14.3.1/../../../../arm-none-eabi/lib/thumb/v6-m/nofp\libc_nano.a(libc_a-closer.o)
                              C:/ST/STM32CubeIDE_1.18.1/STM32CubeIDE/plugins/com.st.stm32cube.ide.mcu.externaltools.gnu-tools-for-stm32.14.3.rel1.win32_1.0.100.202602081740/tools/bin/../lib/gcc/arm-none-eabi/14.3.1/../../../../arm-none-eabi/lib/thumb/v6-m/nofp\libc_nano.a(libc_a-stdio.o) (_close_r)
C:/ST/STM32CubeIDE_1.18.1/STM32CubeIDE/plugins/com.st.stm32cube.ide.mcu.externaltools.gnu-tools-for-stm32.14.3.rel1.win32_1.0.100.202602081740/tools/bin/../lib/gcc/arm-none-eabi/14.3.1/../../../../arm-none-eabi/lib/thumb/v6-m/nofp\libc_nano.a(libc_a-reent.o)
                              C:/ST/STM32CubeIDE_1.18.1/STM32CubeIDE/plugins/com.st.stm32cube.ide.mcu.externaltools.gnu-tools-for-stm32.14.3.rel1.win32_1.0.100.202602081740/tools/bin/../lib/gcc/arm-none-eabi/14.3.1/../../../../arm-none-eabi/lib/thumb/v6-m/nofp\libc_nano.a(libc_a-closer.o) (errno)
C:/ST/STM32CubeIDE_1.18.1/STM32CubeIDE/plugins/com.st.stm32cube.ide.mcu.externaltools.gnu-tools-for-stm32.14.3.rel1.win32_1.0.100.202602081740/tools/bin/../lib/gcc/arm-none-eabi/14.3.1/../../../../arm-none-eabi/lib/thumb/v6-m/nofp\libc_nano.a(libc_a-impure.o)
                              C:/ST/STM32CubeIDE_1.18.1/STM32CubeIDE/plugins/com.st.stm32cube.ide.mcu.externaltools.gnu-tools-for-stm32.14.3.rel1.win32_1.0.100.202602081740/tools/bin/../lib/gcc/arm-none-eabi/14.3.1/../../../../arm-none-eabi/lib/thumb/v6-m/nofp\libc_nano.a(libc_a-reent.o) (_impure_ptr)
C:/ST/STM32CubeIDE_1.18.1/STM32CubeIDE/plugins/com.st.stm32cube.ide.mcu.externaltools.gnu-tools-for-stm32.14.3.rel1.win32_1.0.100.202602081740/tools/bin/../lib/gcc/arm-none-eabi/14.3.1/../../../../arm-none-eabi/lib/thumb/v6-m/nofp\libc_nano.a(libc_a-lseekr.o)
[...]
Memory Configuration

Name             Origin             Length             Attributes
RAM              0x20000000         0x00002000         xrw
FLASH            0x08000000         0x00008000         xr
*default*        0x00000000         0xffffffff

Linker script and memory map

LOAD C:/ST/STM32CubeIDE_1.18.1/STM32CubeIDE/plugins/com.st.stm32cube.ide.mcu.externaltools.gnu-tools-for-stm32.14.3.rel1.win32_1.0.100.202602081740/tools/bin/../lib/gcc/arm-none-eabi/14.3.1/thumb/v6-m/nofp/crti.o
LOAD C:/ST/STM32CubeIDE_1.18.1/STM32CubeIDE/plugins/com.st.stm32cube.ide.mcu.externaltools.gnu-tools-for-stm32.14.3.rel1.win32_1.0.100.202602081740/tools/bin/../lib/gcc/arm-none-eabi/14.3.1/thumb/v6-m/nofp/crtbegin.o
LOAD C:/ST/STM32CubeIDE_1.18.1/STM32CubeIDE/plugins/com.st.stm32cube.ide.mcu.externaltools.gnu-tools-for-stm32.14.3.rel1.win32_1.0.100.202602081740/tools/bin/../lib/gcc/arm-none-eabi/14.3.1/../../../../arm-none-eabi/lib/thumb/v6-m/nofp/crt0.o
LOAD ./Core/Interface/Interface_Attente.o
LOAD ./Core/Interface/Interface_LEDROUGE.o
LOAD ./Core/LibrairieWS/Interface_FctWS.o
LOAD ./Core/LibrairieWS/Interface_ws2812b_driver.o
LOAD ./Core/Pilote/PilotePB13.o
LOAD ./Core/Pilote/PiloteSwitch1.o
LOAD ./Core/Pilote/Pilote_Attente.o
LOAD ./Core/Pilote/piloteEvenement.o
LOAD ./Core/Pilote/piloteMutex.o
LOAD ./Core/Pilote/piloteRS485.o
LOAD ./Core/Pilote/pilote_thread.o
LOAD ./Core/Processus/ProcessusAllumage.o
LOAD ./Core/Processus/processTestRS485.o
LOAD ./Core/Service/serviceRS485.o
LOAD ./Core/Src/freertos.o
LOAD ./Core/Src/main.o
LOAD ./Core/Src/stm32l0xx_hal_msp.o
LOAD ./Core/Src/stm32l0xx_it.o
LOAD ./Core/Src/syscalls.o
LOAD ./Core/Src/sysmem.o
LOAD ./Core/Src/system_stm32l0xx.o
LOAD ./Core/Startup/startup_stm32l031k6tx.o
LOAD ./Drivers/STM32L0xx_HAL_Driver/Src/stm32l0xx_hal.o
LOAD ./Drivers/STM32L0xx_HAL_Driver/Src/stm32l0xx_hal_cortex.o
LOAD ./Drivers/STM32L0xx_HAL_Driver/Src/stm32l0xx_hal_dma.o
LOAD ./Drivers/STM32L0xx_HAL_Driver/Src/stm32l0xx_hal_exti.o
LOAD ./Drivers/STM32L0xx_HAL_Driver/Src/stm32l0xx_hal_flash.o
LOAD ./Drivers/STM32L0xx_HAL_Driver/Src/stm32l0xx_hal_flash_ex.o
LOAD ./Drivers/STM32L0xx_HAL_Driver/Src/stm32l0xx_hal_flash_ramfunc.o
LOAD ./Drivers/STM32L0xx_HAL_Driver/Src/stm32l0xx_hal_gpio.o
LOAD ./Drivers/STM32L0xx_HAL_Driver/Src/stm32l0xx_hal_i2c.o
LOAD ./Drivers/STM32L0xx_HAL_Driver/Src/stm32l0xx_hal_i2c_ex.o
LOAD ./Drivers/STM32L0xx_HAL_Driver/Src/stm32l0xx_hal_pwr.o
LOAD ./Drivers/STM32L0xx_HAL_Driver/Src/stm32l0xx_hal_pwr_ex.o
LOAD ./Drivers/STM32L0xx_HAL_Driver/Src/stm32l0xx_hal_rcc.o
LOAD ./Drivers/STM32L0xx_HAL_Driver/Src/stm32l0xx_hal_rcc_ex.o
LOAD ./Drivers/STM32L0xx_HAL_Driver/Src/stm32l0xx_hal_tim.o
LOAD ./Drivers/STM32L0xx_HAL_Driver/Src/stm32l0xx_hal_tim_ex.o
LOAD ./Drivers/STM32L0xx_HAL_Driver/Src/stm32l0xx_hal_uart.o
LOAD ./Drivers/STM32L0xx_HAL_Driver/Src/stm32l0xx_hal_uart_ex.o
LOAD ./Middlewares/Third_Party/FreeRTOS/Source/CMSIS_RTOS_V2/cmsis_os2.o
LOAD ./Middlewares/Third_Party/FreeRTOS/Source/croutine.o
LOAD ./Middlewares/Third_Party/FreeRTOS/Source/event_groups.o
LOAD ./Middlewares/Third_Party/FreeRTOS/Source/list.o
LOAD ./Middlewares/Third_Party/FreeRTOS/Source/queue.o
LOAD ./Middlewares/Third_Party/FreeRTOS/Source/stream_buffer.o
LOAD ./Middlewares/Third_Party/FreeRTOS/Source/tasks.o
LOAD ./Middlewares/Third_Party/FreeRTOS/Source/timers.o
LOAD ./Middlewares/Third_Party/FreeRTOS/Source/portable/GCC/ARM_CM0/port.o
LOAD ./Middlewares/Third_Party/FreeRTOS/Source/portable/MemMang/heap_4.o
START GROUP
LOAD C:/ST/STM32CubeIDE_1.18.1/STM32CubeIDE/plugins/com.st.stm32cube.ide.mcu.externaltools.gnu-tools-for-stm32.14.3.rel1.win32_1.0.100.202602081740/tools/bin/../lib/gcc/arm-none-eabi/14.3.1/../../../../arm-none-eabi/lib/thumb/v6-m/nofp\libc_nano.a
LOAD C:/ST/STM32CubeIDE_1.18.1/STM32CubeIDE/plugins/com.st.stm32cube.ide.mcu.externaltools.gnu-tools-for-stm32.14.3.rel1.win32_1.0.100.202602081740/tools/bin/../lib/gcc/arm-none-eabi/14.3.1/../../../../arm-none-eabi/lib/thumb/v6-m/nofp\libm.a
END GROUP
START GROUP
LOAD C:/ST/STM32CubeIDE_1.18.1/STM32CubeIDE/plugins/com.st.stm32cube.ide.mcu.externaltools.gnu-tools-for-stm32.14.3.rel1.win32_1.0.100.202602081740/tools/bin/../lib/gcc/arm-none-eabi/14.3.1/thumb/v6-m/nofp\libgcc.a
LOAD C:/ST/STM32CubeIDE_1.18.1/STM32CubeIDE/plugins/com.st.stm32cube.ide.mcu.externaltools.gnu-tools-for-stm32.14.3.rel1.win32_1.0.100.202602081740/tools/bin/../lib/gcc/arm-none-eabi/14.3.1/../../../../arm-none-eabi/lib/thumb/v6-m/nofp\libc_nano.a
END GROUP
START GROUP
LOAD C:/ST/STM32CubeIDE_1.18.1/STM32CubeIDE/plugins/com.st.stm32cube.ide.mcu.externaltools.gnu-tools-for-stm32.14.3.rel1.win32_1.0.100.202602081740/tools/bin/../lib/gcc/arm-none-eabi/14.3.1/thumb/v6-m/nofp\libgcc.a
LOAD C:/ST/STM32CubeIDE_1.18.1/STM32CubeIDE/plugins/com.st.stm32cube.ide.mcu.externaltools.gnu-tools-for-stm32.14.3.rel1.win32_1.0.100.202602081740/tools/bin/../lib/gcc/arm-none-eabi/14.3.1/../../../../arm-none-eabi/lib/thumb/v6-m/nofp\libc_nano.a
LOAD C:/ST/STM32CubeIDE_1.18.1/STM32CubeIDE/plugins/com.st.stm32cube.ide.mcu.externaltools.gnu-tools-for-stm32.14.3.rel1.win32_1.0.100.202602081740/tools/bin/../lib/gcc/arm-none-eabi/14.3.1/../../../../arm-none-eabi/lib/thumb/v6-m/nofp\libnosys.a
END GROUP
START GROUP
LOAD C:/ST/STM32CubeIDE_1.18.1/STM32CubeIDE/plugins/com.st.stm32cube.ide.mcu.externaltools.gnu-tools-for-stm32.14.3.rel1.win32_1.0.100.202602081740/tools/bin/../lib/gcc/arm-none-eabi/14.3.1/thumb/v6-m/nofp\libgcc.a
LOAD C:/ST/STM32CubeIDE_1.18.1/STM32CubeIDE/plugins/com.st.stm32cube.ide.mcu.externaltools.gnu-tools-for-stm32.14.3.rel1.win32_1.0.100.202602081740/tools/bin/../lib/gcc/arm-none-eabi/14.3.1/../../../../arm-none-eabi/lib/thumb/v6-m/nofp\libc_nano.a
LOAD C:/ST/STM32CubeIDE_1.18.1/STM32CubeIDE/plugins/com.st.stm32cube.ide.mcu.externaltools.gnu-tools-for-stm32.14.3.rel1.win32_1.0.100.202602081740/tools/bin/../lib/gcc/arm-none-eabi/14.3.1/../../../../arm-none-eabi/lib/thumb/v6-m/nofp\libnosys.a
END GROUP
LOAD C:/ST/STM32CubeIDE_1.18.1/STM32CubeIDE/plugins/com.st.stm32cube.ide.mcu.externaltools.gnu-tools-for-stm32.14.3.rel1.win32_1.0.100.202602081740/tools/bin/../lib/gcc/arm-none-eabi/14.3.1/thumb/v6-m/nofp/crtend.o
LOAD C:/ST/STM32CubeIDE_1.18.1/STM32CubeIDE/plugins/com.st.stm32cube.ide.mcu.externaltools.gnu-tools-for-stm32.14.3.rel1.win32_1.0.100.202602081740/tools/bin/../lib/gcc/arm-none-eabi/14.3.1/thumb/v6-m/nofp/crtn.o
                0x20002000                        _estack = (ORIGIN (RAM) + LENGTH (RAM))
                0x000001b0                        _Min_Heap_Size = 0x1b0
                0x00000010                        _Min_Stack_Size = 0x10

.isr_vector     0x08000000       0xc0
                0x08000000                        . = ALIGN (0x4)
 *(.isr_vector)
 .isr_vector    0x08000000       0xc0 ./Core/Startup/startup_stm32l031k6tx.o
                0x08000000                g_pfnVectors
                0x080000c0                        . = ALIGN (0x4)

.text           0x080000c0     0x46a0
                0x080000c0                        . = ALIGN (0x4)
 *(.text)
 .text          0x080000c0       0x48 C:/ST/STM32CubeIDE_1.18.1/STM32CubeIDE/plugins/com.st.stm32cube.ide.mcu.externaltools.gnu-tools-for-stm32.14.3.rel1.win32_1.0.100.202602081740/tools/bin/../lib/gcc/arm-none-eabi/14.3.1/thumb/v6-m/nofp/crtbegin.o
 .text          0x08000108       0x14 C:/ST/STM32CubeIDE_1.18.1/STM32CubeIDE/plugins/com.st.stm32cube.ide.mcu.externaltools.gnu-tools-for-stm32.14.3.rel1.win32_1.0.100.202602081740/tools/bin/../lib/gcc/arm-none-eabi/14.3.1/thumb/v6-m/nofp\libgcc.a(_thumb1_case_uqi.o)
                0x08000108                __gnu_thumb1_case_uqi
 .text          0x0800011c      0x114 C:/ST/STM32CubeIDE_1.18.1/STM32CubeIDE/plugins/com.st.stm32cube.ide.mcu.externaltools.gnu-tools-for-stm32.14.3.rel1.win32_1.0.100.202602081740/tools/bin/../lib/gcc/arm-none-eabi/14.3.1/thumb/v6-m/nofp\libgcc.a(_udivsi3.o)
                0x0800011c                __aeabi_uidiv
                0x0800011c                __udivsi3
                0x08000228                __aeabi_uidivmod
 .text          0x08000230        0x4 C:/ST/STM32CubeIDE_1.18.1/STM32CubeIDE/plugins/com.st.stm32cube.ide.mcu.externaltools.gnu-tools-for-stm32.14.3.rel1.win32_1.0.100.202602081740/tools/bin/../lib/gcc/arm-none-eabi/14.3.1/thumb/v6-m/nofp\libgcc.a(_dvmd_tls.o)
                0x08000230                __aeabi_idiv0
                0x08000230                __aeabi_ldiv0
 .text          0x08000234       0x40 C:/ST/STM32CubeIDE_1.18.1/STM32CubeIDE/plugins/com.st.stm32cube.ide.mcu.externaltools.gnu-tools-for-stm32.14.3.rel1.win32_1.0.100.202602081740/tools/bin/../lib/gcc/arm-none-eabi/14.3.1/thumb/v6-m/nofp\libgcc.a(_aeabi_uldivmod.o)
                0x08000234                __aeabi_uldivmod
 .text          0x08000274      0x198 C:/ST/STM32CubeIDE_1.18.1/STM32CubeIDE/plugins/com.st.stm32cube.ide.mcu.externaltools.gnu-tools-for-stm32.14.3.rel1.win32_1.0.100.202602081740/tools/bin/../lib/gcc/arm-none-eabi/14.3.1/thumb/v6-m/nofp\libgcc.a(_udivmoddi4.o)
                0x08000274                __udivmoddi4
 .text          0x0800040c       0x18 C:/ST/STM32CubeIDE_1.18.1/STM32CubeIDE/plugins/com.st.stm32cube.ide.mcu.externaltools.gnu-tools-for-stm32.14.3.rel1.win32_1.0.100.202602081740/tools/bin/../lib/gcc/arm-none-eabi/14.3.1/thumb/v6-m/nofp\libgcc.a(_clzdi2.o)
                0x0800040c                __clzdi2
 .text          0x08000424       0x3c C:/ST/STM32CubeIDE_1.18.1/STM32CubeIDE/plugins/com.st.stm32cube.ide.mcu.externaltools.gnu-tools-for-stm32.14.3.rel1.win32_1.0.100.202602081740/tools/bin/../lib/gcc/arm-none-eabi/14.3.1/thumb/v6-m/nofp\libgcc.a(_clzsi2.o)
                0x08000424                __clzsi2
 *(.text*)
 .text.ws2812bSend
                0x08000460       0x2e ./Core/LibrairieWS/Interface_FctWS.o
                0x08000460                ws2812bSend
 *fill*         0x0800048e        0x2 
 .text.ws2812bLedStructInit
                0x08000490       0x18 ./Core/LibrairieWS/Interface_ws2812b_driver.o
                0x08000490                ws2812bLedStructInit
 .text.ws2812bGetBytesArray
                0x080004a8       0x5c ./Core/LibrairieWS/Interface_ws2812b_driver.o
                0x080004a8                ws2812bGetBytesArray
 .text.ws2812bSetRGB
                0x08000504       0x24 ./Core/LibrairieWS/Interface_ws2812b_driver.o
                0x08000504                ws2812bSetRGB
 .text.ws2812bClearAll
                0x08000528       0x14 ./Core/LibrairieWS/Interface_ws2812b_driver.o
                0x08000528                ws2812bClearAll
 .text.piloteMutex_cree
                0x0800053c       0x14 ./Core/Pilote/piloteMutex.o
                0x0800053c                piloteMutex_cree
 .text.piloteMutex_prendre
                0x08000550       0x18 ./Core/Pilote/piloteMutex.o
                0x08000550                piloteMutex_prendre
 .text.piloteMutex_relacher
                0x08000568       0x14 ./Core/Pilote/piloteMutex.o
                0x08000568                piloteMutex_relacher
 .text.piloteRS485_initialise
                0x0800057c       0x2e ./Core/Pilote/piloteRS485.o
                0x0800057c                piloteRS485_initialise
 *fill*         0x080005aa        0x2 
 .text.piloteRS485_recoitOctet
                0x080005ac       0x20 ./Core/Pilote/piloteRS485.o
                0x080005ac                piloteRS485_recoitOctet
 .text.piloteThread_initialise
                0x080005cc       0x48 ./Core/Pilote/pilote_thread.o
                0x080005cc                piloteThread_initialise
 .text.processTestRS485_thread
                0x08000614       0x60 ./Core/Processus/processTestRS485.o
                0x08000614                processTestRS485_thread
 .text.serviceRS485_threadReception
                0x08000674       0xf4 ./Core/Service/serviceRS485.o
 .text.serviceRS485_retireTrameRx
                0x08000768       0x74 ./Core/Service/serviceRS485.o
 .text.serviceRS485_initialise
                0x080007dc       0x48 ./Core/Service/serviceRS485.o
                0x080007dc                serviceRS485_initialise
 .text.serviceRS485_readAvecSlave
                0x08000824       0xc8 ./Core/Service/serviceRS485.o
                0x08000824                serviceRS485_readAvecSlave
 .text.Allumage_LED
                0x080008ec       0x60 ./Core/Src/main.o
                0x080008ec                Allumage_LED
 .text.SystemClock_Config
                0x0800094c       0xa8 ./Core/Src/main.o
                0x0800094c                SystemClock_Config
 .text.startup.main
                0x080009f4      0x234 ./Core/Src/main.o
                0x080009f4                main
 .text.HAL_TIM_PWM_PulseFinishedCallback
                0x08000c28       0x24 ./Core/Src/main.o
                0x08000c28                HAL_TIM_PWM_PulseFinishedCallback
 .text.Error_Handler
                0x08000c4c        0x4 ./Core/Src/main.o
                0x08000c4c                Error_Handler
 .text.HAL_MspInit
                0x08000c50       0x28 ./Core/Src/stm32l0xx_hal_msp.o
                0x08000c50                HAL_MspInit
 .text.HAL_I2C_MspInit
                0x08000c78       0x5c ./Core/Src/stm32l0xx_hal_msp.o
                0x08000c78                HAL_I2C_MspInit
 .text.HAL_TIM_Base_MspInit
                0x08000cd4       0x58 ./Core/Src/stm32l0xx_hal_msp.o
                0x08000cd4                HAL_TIM_Base_MspInit
 .text.HAL_TIM_MspPostInit
                0x08000d2c       0x48 ./Core/Src/stm32l0xx_hal_msp.o
                0x08000d2c                HAL_TIM_MspPostInit
 .text.HAL_UART_MspInit
                0x08000d74       0x6c ./Core/Src/stm32l0xx_hal_msp.o
                0x08000d74                HAL_UART_MspInit
 .text.NMI_Handler
                0x08000de0        0x8 ./Core/Src/stm32l0xx_it.o
                0x08000de0                NMI_Handler
 .text.HardFault_Handler
                0x08000de8        0x2 ./Core/Src/stm32l0xx_it.o
                0x08000de8                HardFault_Handler
 .text.SysTick_Handler
                0x08000dea       0x14 ./Core/Src/stm32l0xx_it.o
                0x08000dea                SysTick_Handler
 *fill*         0x08000dfe        0x2 
 .text.DMA1_Channel2_3_IRQHandler
                0x08000e00       0x10 ./Core/Src/stm32l0xx_it.o
                0x08000e00                DMA1_Channel2_3_IRQHandler
 .text.USART2_IRQHandler
                0x08000e10       0x10 ./Core/Src/stm32l0xx_it.o
                0x08000e10                USART2_IRQHandler
 .text.SystemInit
                0x08000e20        0x2 ./Core/Src/system_stm32l0xx.o
                0x08000e20                SystemInit
 *fill*         0x08000e22        0x2 
 .text.Reset_Handler
                0x08000e24       0x50 ./Core/Startup/startup_stm32l031k6tx.o
                0x08000e24                Reset_Handler
 .text.Default_Handler
                0x08000e74        0x2 ./Core/Startup/startup_stm32l031k6tx.o
                0x08000e74                ADC1_COMP_IRQHandler
                0x08000e74                PVD_IRQHandler
                0x08000e74                I2C1_IRQHandler
                0x08000e74                SPI1_IRQHandler
                0x08000e74                EXTI2_3_IRQHandler
                0x08000e74                RTC_IRQHandler
                0x08000e74                DMA1_Channel4_5_6_7_IRQHandler
                0x08000e74                EXTI4_15_IRQHandler
                0x08000e74                RCC_IRQHandler
                0x08000e74                DMA1_Channel1_IRQHandler
                0x08000e74                Default_Handler
                0x08000e74                TIM22_IRQHandler
                0x08000e74                EXTI0_1_IRQHandler
                0x08000e74                TIM21_IRQHandler
                0x08000e74                WWDG_IRQHandler
                0x08000e74                LPUART1_IRQHandler
                0x08000e74                TIM2_IRQHandler
                0x08000e74                FLASH_IRQHandler
                0x08000e74                LPTIM1_IRQHandler
 *fill*         0x08000e76        0x2 
 .text.HAL_InitTick
                0x08000e78       0x48 ./Drivers/STM32L0xx_HAL_Driver/Src/stm32l0xx_hal.o
                0x08000e78                HAL_InitTick
 .text.HAL_Init
                0x08000ec0       0x28 ./Drivers/STM32L0xx_HAL_Driver/Src/stm32l0xx_hal.o
                0x08000ec0                HAL_Init
 .text.HAL_IncTick
                0x08000ee8       0x18 ./Drivers/STM32L0xx_HAL_Driver/Src/stm32l0xx_hal.o
                0x08000ee8                HAL_IncTick
 .text.HAL_GetTick
                0x08000f00        0xc ./Drivers/STM32L0xx_HAL_Driver/Src/stm32l0xx_hal.o
                0x08000f00                HAL_GetTick
 .text.HAL_NVIC_SetPriority
                0x08000f0c       0x54 ./Drivers/STM32L0xx_HAL_Driver/Src/stm32l0xx_hal_cortex.o
                0x08000f0c                HAL_NVIC_SetPriority
 .text.HAL_NVIC_EnableIRQ
                0x08000f60       0x18 ./Drivers/STM32L0xx_HAL_Driver/Src/stm32l0xx_hal_cortex.o
                0x08000f60                HAL_NVIC_EnableIRQ
 .text.HAL_SYSTICK_Config
                0x08000f78       0x34 ./Drivers/STM32L0xx_HAL_Driver/Src/stm32l0xx_hal_cortex.o
                0x08000f78                HAL_SYSTICK_Config
 .text.HAL_DMA_Init
                0x08000fac       0x88 ./Drivers/STM32L0xx_HAL_Driver/Src/stm32l0xx_hal_dma.o
                0x08000fac                HAL_DMA_Init
 .text.HAL_DMA_Start_IT
                0x08001034       0x7c ./Drivers/STM32L0xx_HAL_Driver/Src/stm32l0xx_hal_dma.o
                0x08001034                HAL_DMA_Start_IT
 .text.HAL_DMA_Abort
                0x080010b0       0x40 ./Drivers/STM32L0xx_HAL_Driver/Src/stm32l0xx_hal_dma.o
                0x080010b0                HAL_DMA_Abort
 .text.HAL_DMA_Abort_IT
                0x080010f0       0x46 ./Drivers/STM32L0xx_HAL_Driver/Src/stm32l0xx_hal_dma.o
                0x080010f0                HAL_DMA_Abort_IT
 .text.HAL_DMA_IRQHandler
                0x08001136       0x96 ./Drivers/STM32L0xx_HAL_Driver/Src/stm32l0xx_hal_dma.o
                0x08001136                HAL_DMA_IRQHandler
 .text.HAL_GPIO_Init
                0x080011cc      0x168 ./Drivers/STM32L0xx_HAL_Driver/Src/stm32l0xx_hal_gpio.o
                0x080011cc                HAL_GPIO_Init
 .text.HAL_GPIO_WritePin
                0x08001334        0xc ./Drivers/STM32L0xx_HAL_Driver/Src/stm32l0xx_hal_gpio.o
                0x08001334                HAL_GPIO_WritePin
 .text.HAL_I2C_Init
                0x08001340       0xbc ./Drivers/STM32L0xx_HAL_Driver/Src/stm32l0xx_hal_i2c.o
                0x08001340                HAL_I2C_Init
 .text.HAL_I2CEx_ConfigAnalogFilter
                0x080013fc       0x4c ./Drivers/STM32L0xx_HAL_Driver/Src/stm32l0xx_hal_i2c_ex.o
                0x080013fc                HAL_I2CEx_ConfigAnalogFilter
 .text.HAL_I2CEx_ConfigDigitalFilter
                0x08001448       0x48 ./Drivers/STM32L0xx_HAL_Driver/Src/stm32l0xx_hal_i2c_ex.o
                0x08001448                HAL_I2CEx_ConfigDigitalFilter
 .text.HAL_RCC_EnableCSS
                0x08001490       0x14 ./Drivers/STM32L0xx_HAL_Driver/Src/stm32l0xx_hal_rcc.o
                0x08001490                HAL_RCC_EnableCSS
 .text.HAL_RCC_GetSysClockFreq
                0x080014a4       0x78 ./Drivers/STM32L0xx_HAL_Driver/Src/stm32l0xx_hal_rcc.o
                0x080014a4                HAL_RCC_GetSysClockFreq
 .text.HAL_RCC_OscConfig
                0x0800151c      0x49c ./Drivers/STM32L0xx_HAL_Driver/Src/stm32l0xx_hal_rcc.o
                0x0800151c                HAL_RCC_OscConfig
 .text.HAL_RCC_ClockConfig
                0x080019b8      0x19c ./Drivers/STM32L0xx_HAL_Driver/Src/stm32l0xx_hal_rcc.o
                0x080019b8                HAL_RCC_ClockConfig
 .text.HAL_RCC_GetPCLK1Freq
                0x08001b54       0x20 ./Drivers/STM32L0xx_HAL_Driver/Src/stm32l0xx_hal_rcc.o
                0x08001b54                HAL_RCC_GetPCLK1Freq
 .text.HAL_RCC_CSSCallback
                0x08001b74        0x2 ./Drivers/STM32L0xx_HAL_Driver/Src/stm32l0xx_hal_rcc.o
                0x08001b74                HAL_RCC_CSSCallback
 *fill*         0x08001b76        0x2 
 .text.HAL_RCC_NMI_IRQHandler
                0x08001b78       0x1c ./Drivers/STM32L0xx_HAL_Driver/Src/stm32l0xx_hal_rcc.o
                0x08001b78                HAL_RCC_NMI_IRQHandler
 .text.HAL_RCCEx_PeriphCLKConfig
                0x08001b94      0x17c ./Drivers/STM32L0xx_HAL_Driver/Src/stm32l0xx_hal_rcc_ex.o
                0x08001b94                HAL_RCCEx_PeriphCLKConfig
 .text.TIM_Base_SetConfig
                0x08001d10       0x54 ./Drivers/STM32L0xx_HAL_Driver/Src/stm32l0xx_hal_tim.o
 .text.TIM_OC1_SetConfig
                0x08001d64       0x2c ./Drivers/STM32L0xx_HAL_Driver/Src/stm32l0xx_hal_tim.o
 .text.TIM_OC2_SetConfig
                0x08001d90       0x34 ./Drivers/STM32L0xx_HAL_Driver/Src/stm32l0xx_hal_tim.o
 .text.TIM_CCxChannelCmd
                0x08001dc4       0x1a ./Drivers/STM32L0xx_HAL_Driver/Src/stm32l0xx_hal_tim.o
 .text.HAL_TIM_Base_Init
                0x08001dde       0x48 ./Drivers/STM32L0xx_HAL_Driver/Src/stm32l0xx_hal_tim.o
                0x08001dde                HAL_TIM_Base_Init
 *fill*         0x08001e26        0x2 
 .text.HAL_TIM_OC_Start_DMA
                0x08001e28      0x16c ./Drivers/STM32L0xx_HAL_Driver/Src/stm32l0xx_hal_tim.o
                0x08001e28                HAL_TIM_OC_Start_DMA
 .text.HAL_TIM_OC_Stop_DMA
                0x08001f94       0xa8 ./Drivers/STM32L0xx_HAL_Driver/Src/stm32l0xx_hal_tim.o
                0x08001f94                HAL_TIM_OC_Stop_DMA
 .text.HAL_TIM_PWM_MspInit
                0x0800203c        0x2 ./Drivers/STM32L0xx_HAL_Driver/Src/stm32l0xx_hal_tim.o
                0x0800203c                HAL_TIM_PWM_MspInit
 .text.HAL_TIM_PWM_Init
                0x0800203e       0x48 ./Drivers/STM32L0xx_HAL_Driver/Src/stm32l0xx_hal_tim.o
                0x0800203e                HAL_TIM_PWM_Init
 .text.HAL_TIM_PWM_Start_DMA
                0x08002086        0x8 ./Drivers/STM32L0xx_HAL_Driver/Src/stm32l0xx_hal_tim.o
                0x08002086                HAL_TIM_PWM_Start_DMA
 .text.HAL_TIM_PWM_Stop_DMA
                0x0800208e        0x8 ./Drivers/STM32L0xx_HAL_Driver/Src/stm32l0xx_hal_tim.o
                0x0800208e                HAL_TIM_PWM_Stop_DMA
 *fill*         0x08002096        0x2 
 .text.HAL_TIM_PWM_ConfigChannel
                0x08002098      0x11c ./Drivers/STM32L0xx_HAL_Driver/Src/stm32l0xx_hal_tim.o
                0x08002098                HAL_TIM_PWM_ConfigChannel
 .text.HAL_TIM_ConfigClockSource
                0x080021b4      0x144 ./Drivers/STM32L0xx_HAL_Driver/Src/stm32l0xx_hal_tim.o
                0x080021b4                HAL_TIM_ConfigClockSource
 .text.TIM_DMADelayPulseCplt
                0x080022f8       0x70 ./Drivers/STM32L0xx_HAL_Driver/Src/stm32l0xx_hal_tim.o
 .text.HAL_TIM_PWM_PulseFinishedHalfCpltCallback
                0x08002368        0x2 ./Drivers/STM32L0xx_HAL_Driver/Src/stm32l0xx_hal_tim.o
                0x08002368                HAL_TIM_PWM_PulseFinishedHalfCpltCallback
 .text.TIM_DMADelayPulseHalfCplt
                0x0800236a       0x38 ./Drivers/STM32L0xx_HAL_Driver/Src/stm32l0xx_hal_tim.o
 .text.HAL_TIM_ErrorCallback
                0x080023a2        0x2 ./Drivers/STM32L0xx_HAL_Driver/Src/stm32l0xx_hal_tim.o
                0x080023a2                HAL_TIM_ErrorCallback
 .text.TIM_DMAError
                0x080023a4       0x5c ./Drivers/STM32L0xx_HAL_Driver/Src/stm32l0xx_hal_tim.o
                0x080023a4                TIM_DMAError
 .text.HAL_TIMEx_MasterConfigSynchronization
                0x08002400       0x58 ./Drivers/STM32L0xx_HAL_Driver/Src/stm32l0xx_hal_tim_ex.o
                0x08002400                HAL_TIMEx_MasterConfigSynchronization
 .text.UART_EndRxTransfer
                0x08002458       0x5c ./Drivers/STM32L0xx_HAL_Driver/Src/stm32l0xx_hal_uart.o
 .text.HAL_UART_TxCpltCallback
                0x080024b4        0x2 ./Drivers/STM32L0xx_HAL_Driver/Src/stm32l0xx_hal_uart.o
                0x080024b4                HAL_UART_TxCpltCallback
 .text.HAL_UART_ErrorCallback
                0x080024b6        0x2 ./Drivers/STM32L0xx_HAL_Driver/Src/stm32l0xx_hal_uart.o
                0x080024b6                HAL_UART_ErrorCallback
 .text.UART_DMAAbortOnError
                0x080024b8       0x12 ./Drivers/STM32L0xx_HAL_Driver/Src/stm32l0xx_hal_uart.o
 .text.HAL_UARTEx_RxEventCallback
                0x080024ca        0x2 ./Drivers/STM32L0xx_HAL_Driver/Src/stm32l0xx_hal_uart.o
                0x080024ca                HAL_UARTEx_RxEventCallback
 .text.HAL_UART_IRQHandler
                0x080024cc      0x2d0 ./Drivers/STM32L0xx_HAL_Driver/Src/stm32l0xx_hal_uart.o
                0x080024cc                HAL_UART_IRQHandler
 .text.UART_SetConfig
                0x0800279c      0x1b4 ./Drivers/STM32L0xx_HAL_Driver/Src/stm32l0xx_hal_uart.o
                0x0800279c                UART_SetConfig
 .text.UART_AdvFeatureConfig
                0x08002950       0xd0 ./Drivers/STM32L0xx_HAL_Driver/Src/stm32l0xx_hal_uart.o
                0x08002950                UART_AdvFeatureConfig
 .text.UART_WaitOnFlagUntilTimeout
                0x08002a20       0x90 ./Drivers/STM32L0xx_HAL_Driver/Src/stm32l0xx_hal_uart.o
                0x08002a20                UART_WaitOnFlagUntilTimeout
 .text.HAL_UART_Receive
                0x08002ab0      0x100 ./Drivers/STM32L0xx_HAL_Driver/Src/stm32l0xx_hal_uart.o
                0x08002ab0                HAL_UART_Receive
 .text.UART_CheckIdleState
                0x08002bb0       0xc0 ./Drivers/STM32L0xx_HAL_Driver/Src/stm32l0xx_hal_uart.o
                0x08002bb0                UART_CheckIdleState
 .text.HAL_UART_Init
                0x08002c70       0x64 ./Drivers/STM32L0xx_HAL_Driver/Src/stm32l0xx_hal_uart.o
                0x08002c70                HAL_UART_Init
 .text.HAL_UARTEx_WakeupCallback
                0x08002cd4        0x2 ./Drivers/STM32L0xx_HAL_Driver/Src/stm32l0xx_hal_uart_ex.o
                0x08002cd4                HAL_UARTEx_WakeupCallback
 *fill*         0x08002cd6        0x2 
 .text.osKernelInitialize
                0x08002cd8       0x30 ./Middlewares/Third_Party/FreeRTOS/Source/CMSIS_RTOS_V2/cmsis_os2.o
                0x08002cd8                osKernelInitialize
 .text.osKernelStart
                0x08002d08       0x38 ./Middlewares/Third_Party/FreeRTOS/Source/CMSIS_RTOS_V2/cmsis_os2.o
                0x08002d08                osKernelStart
 .text.osThreadNew
                0x08002d40       0xb0 ./Middlewares/Third_Party/FreeRTOS/Source/CMSIS_RTOS_V2/cmsis_os2.o
                0x08002d40                osThreadNew
 .text.osDelay  0x08002df0       0x30 ./Middlewares/Third_Party/FreeRTOS/Source/CMSIS_RTOS_V2/cmsis_os2.o
                0x08002df0                osDelay
 .text.osMutexNew
                0x08002e20       0x88 ./Middlewares/Third_Party/FreeRTOS/Source/CMSIS_RTOS_V2/cmsis_os2.o
                0x08002e20                osMutexNew
 .text.osMutexAcquire
                0x08002ea8       0x58 ./Middlewares/Third_Party/FreeRTOS/Source/CMSIS_RTOS_V2/cmsis_os2.o
                0x08002ea8                osMutexAcquire
 .text.osMutexRelease
                0x08002f00       0x54 ./Middlewares/Third_Party/FreeRTOS/Source/CMSIS_RTOS_V2/cmsis_os2.o
                0x08002f00                osMutexRelease
 .text.vApplicationGetIdleTaskMemory
                0x08002f54       0x18 ./Middlewares/Third_Party/FreeRTOS/Source/CMSIS_RTOS_V2/cmsis_os2.o
                0x08002f54                vApplicationGetIdleTaskMemory
 .text.vApplicationGetTimerTaskMemory
                0x08002f6c       0x18 ./Middlewares/Third_Party/FreeRTOS/Source/CMSIS_RTOS_V2/cmsis_os2.o
                0x08002f6c                vApplicationGetTimerTaskMemory
 .text.vListInitialise
                0x08002f84       0x16 ./Middlewares/Third_Party/FreeRTOS/Source/list.o
                0x08002f84                vListInitialise
 .text.vListInitialiseItem
                0x08002f9a        0x6 ./Middlewares/Third_Party/FreeRTOS/Source/list.o
                0x08002f9a                vListInitialiseItem
 .text.vListInsertEnd
                0x08002fa0       0x16 ./Middlewares/Third_Party/FreeRTOS/Source/list.o
                0x08002fa0                vListInsertEnd
 .text.vListInsert
                0x08002fb6       0x2e ./Middlewares/Third_Party/FreeRTOS/Source/list.o
                0x08002fb6                vListInsert
 .text.uxListRemove
                0x08002fe4       0x20 ./Middlewares/Third_Party/FreeRTOS/Source/list.o
                0x08002fe4                uxListRemove
 .text.prvIsQueueEmpty
                0x08003004       0x14 ./Middlewares/Third_Party/FreeRTOS/Source/queue.o
 .text.prvCopyDataToQueue
                0x08003018       0x70 ./Middlewares/Third_Party/FreeRTOS/Source/queue.o
 .text.prvCopyDataFromQueue
                0x08003088       0x22 ./Middlewares/Third_Party/FreeRTOS/Source/queue.o
 .text.prvUnlockQueue
                0x080030aa       0x6a ./Middlewares/Third_Party/FreeRTOS/Source/queue.o
 .text.xQueueGenericReset
                0x08003114       0x68 ./Middlewares/Third_Party/FreeRTOS/Source/queue.o
                0x08003114                xQueueGenericReset
 .text.xQueueGenericCreateStatic
                0x0800317c       0x62 ./Middlewares/Third_Party/FreeRTOS/Source/queue.o
                0x0800317c                xQueueGenericCreateStatic
 .text.xQueueGenericSend
                0x080031de      0x11e ./Middlewares/Third_Party/FreeRTOS/Source/queue.o
                0x080031de                xQueueGenericSend
 .text.xQueueCreateMutexStatic
                0x080032fc       0x26 ./Middlewares/Third_Party/FreeRTOS/Source/queue.o
                0x080032fc                xQueueCreateMutexStatic
 .text.xQueueGiveMutexRecursive
                0x08003322       0x32 ./Middlewares/Third_Party/FreeRTOS/Source/queue.o
                0x08003322                xQueueGiveMutexRecursive
 .text.xQueueCreateMutex
                0x08003354       0x3e ./Middlewares/Third_Party/FreeRTOS/Source/queue.o
                0x08003354                xQueueCreateMutex
 .text.xQueueGenericSendFromISR
                0x08003392       0x90 ./Middlewares/Third_Party/FreeRTOS/Source/queue.o
                0x08003392                xQueueGenericSendFromISR
 .text.xQueueReceive
                0x08003422      0x10a ./Middlewares/Third_Party/FreeRTOS/Source/queue.o
                0x08003422                xQueueReceive
 .text.xQueueSemaphoreTake
                0x0800352c      0x146 ./Middlewares/Third_Party/FreeRTOS/Source/queue.o
                0x0800352c                xQueueSemaphoreTake
 .text.xQueueTakeMutexRecursive
                0x08003672       0x30 ./Middlewares/Third_Party/FreeRTOS/Source/queue.o
                0x08003672                xQueueTakeMutexRecursive
 *fill*         0x080036a2        0x2 
 .text.vQueueAddToRegistry
                0x080036a4       0x24 ./Middlewares/Third_Party/FreeRTOS/Source/queue.o
                0x080036a4                vQueueAddToRegistry
 .text.vQueueWaitForMessageRestricted
                0x080036c8       0x4a ./Middlewares/Third_Party/FreeRTOS/Source/queue.o
                0x080036c8                vQueueWaitForMessageRestricted
 *fill*         0x08003712        0x2 
 .text.prvAddNewTaskToReadyList
                0x08003714       0xe8 ./Middlewares/Third_Party/FreeRTOS/Source/tasks.o
 .text.prvAddCurrentTaskToDelayedList
                0x080037fc       0x70 ./Middlewares/Third_Party/FreeRTOS/Source/tasks.o
 .text.prvResetNextTaskUnblockTime
                0x0800386c       0x28 ./Middlewares/Third_Party/FreeRTOS/Source/tasks.o
 .text.prvDeleteTCB
                0x08003894       0x28 ./Middlewares/Third_Party/FreeRTOS/Source/tasks.o
 .text.prvIdleTask
                0x080038bc       0x54 ./Middlewares/Third_Party/FreeRTOS/Source/tasks.o
 .text.prvInitialiseNewTask.constprop.0
                0x08003910       0x8e ./Middlewares/Third_Party/FreeRTOS/Source/tasks.o
 .text.xTaskCreateStatic
                0x0800399e       0x4c ./Middlewares/Third_Party/FreeRTOS/Source/tasks.o
                0x0800399e                xTaskCreateStatic
 .text.xTaskCreate
                0x080039ea       0x5a ./Middlewares/Third_Party/FreeRTOS/Source/tasks.o
                0x080039ea                xTaskCreate
 .text.vTaskStartScheduler
                0x08003a44       0x6c ./Middlewares/Third_Party/FreeRTOS/Source/tasks.o
                0x08003a44                vTaskStartScheduler
 .text.vTaskSuspendAll
                0x08003ab0       0x10 ./Middlewares/Third_Party/FreeRTOS/Source/tasks.o
                0x08003ab0                vTaskSuspendAll
 .text.xTaskGetTickCount
                0x08003ac0        0xc ./Middlewares/Third_Party/FreeRTOS/Source/tasks.o
                0x08003ac0                xTaskGetTickCount
 .text.xTaskIncrementTick
                0x08003acc      0x110 ./Middlewares/Third_Party/FreeRTOS/Source/tasks.o
                0x08003acc                xTaskIncrementTick
 .text.xTaskResumeAll
                0x08003bdc       0xd0 ./Middlewares/Third_Party/FreeRTOS/Source/tasks.o
                0x08003bdc                xTaskResumeAll
 .text.vTaskDelay
                0x08003cac       0x34 ./Middlewares/Third_Party/FreeRTOS/Source/tasks.o
                0x08003cac                vTaskDelay
 .text.vTaskSwitchContext
                0x08003ce0       0x64 ./Middlewares/Third_Party/FreeRTOS/Source/tasks.o
                0x08003ce0                vTaskSwitchContext
 .text.vTaskPlaceOnEventList
                0x08003d44       0x24 ./Middlewares/Third_Party/FreeRTOS/Source/tasks.o
                0x08003d44                vTaskPlaceOnEventList
 .text.vTaskPlaceOnEventListRestricted
                0x08003d68       0x30 ./Middlewares/Third_Party/FreeRTOS/Source/tasks.o
                0x08003d68                vTaskPlaceOnEventListRestricted
 .text.xTaskRemoveFromEventList
                0x08003d98       0x74 ./Middlewares/Third_Party/FreeRTOS/Source/tasks.o
                0x08003d98                xTaskRemoveFromEventList
 .text.vTaskInternalSetTimeOutState
                0x08003e0c       0x18 ./Middlewares/Third_Party/FreeRTOS/Source/tasks.o
                0x08003e0c                vTaskInternalSetTimeOutState
 .text.xTaskCheckForTimeOut
                0x08003e24       0x60 ./Middlewares/Third_Party/FreeRTOS/Source/tasks.o
                0x08003e24                xTaskCheckForTimeOut
 .text.vTaskMissedYield
                0x08003e84        0xc ./Middlewares/Third_Party/FreeRTOS/Source/tasks.o
                0x08003e84                vTaskMissedYield
 .text.xTaskGetCurrentTaskHandle
                0x08003e90        0xc ./Middlewares/Third_Party/FreeRTOS/Source/tasks.o
                0x08003e90                xTaskGetCurrentTaskHandle
 .text.xTaskGetSchedulerState
                0x08003e9c       0x20 ./Middlewares/Third_Party/FreeRTOS/Source/tasks.o
                0x08003e9c                xTaskGetSchedulerState
 .text.xTaskPriorityInherit
                0x08003ebc       0x7c ./Middlewares/Third_Party/FreeRTOS/Source/tasks.o
                0x08003ebc                xTaskPriorityInherit
 .text.xTaskPriorityDisinherit
                0x08003f38       0x6c ./Middlewares/Third_Party/FreeRTOS/Source/tasks.o
                0x08003f38                xTaskPriorityDisinherit
 .text.vTaskPriorityDisinheritAfterTimeout
                0x08003fa4       0x78 ./Middlewares/Third_Party/FreeRTOS/Source/tasks.o
                0x08003fa4                vTaskPriorityDisinheritAfterTimeout
 .text.pvTaskIncrementMutexHeldCount
                0x0800401c       0x18 ./Middlewares/Third_Party/FreeRTOS/Source/tasks.o
                0x0800401c                pvTaskIncrementMutexHeldCount
 .text.prvInsertTimerInActiveList
                0x08004034       0x3c ./Middlewares/Third_Party/FreeRTOS/Source/timers.o
 .text.prvCheckForValidListAndQueue
                0x08004070       0x68 ./Middlewares/Third_Party/FreeRTOS/Source/timers.o
 .text.xTimerCreateTimerTask
                0x080040d8       0x5c ./Middlewares/Third_Party/FreeRTOS/Source/timers.o
                0x080040d8                xTimerCreateTimerTask
 .text.xTimerGenericCommand
                0x08004134       0x58 ./Middlewares/Third_Party/FreeRTOS/Source/timers.o
                0x08004134                xTimerGenericCommand
 .text.prvSwitchTimerLists
                0x0800418c       0x6c ./Middlewares/Third_Party/FreeRTOS/Source/timers.o
 .text.prvTimerTask
                0x080041f8      0x1a4 ./Middlewares/Third_Party/FreeRTOS/Source/timers.o
 .text.prvTaskExitError
                0x0800439c       0x24 ./Middlewares/Third_Party/FreeRTOS/Source/portable/GCC/ARM_CM0/port.o
 .text.vPortStartFirstTask
                0x080043c0       0x34 ./Middlewares/Third_Party/FreeRTOS/Source/portable/GCC/ARM_CM0/port.o
 .text.pxPortInitialiseStack
                0x080043f4       0x20 ./Middlewares/Third_Party/FreeRTOS/Source/portable/GCC/ARM_CM0/port.o
                0x080043f4                pxPortInitialiseStack
 .text.SVC_Handler
                0x08004414        0x2 ./Middlewares/Third_Party/FreeRTOS/Source/portable/GCC/ARM_CM0/port.o
                0x08004414                SVC_Handler
 *fill*         0x08004416        0x2 
 .text.xPortStartScheduler
                0x08004418       0x64 ./Middlewares/Third_Party/FreeRTOS/Source/portable/GCC/ARM_CM0/port.o
                0x08004418                xPortStartScheduler
 .text.vPortYield
                0x0800447c       0x18 ./Middlewares/Third_Party/FreeRTOS/Source/portable/GCC/ARM_CM0/port.o
                0x0800447c                vPortYield
 .text.vPortEnterCritical
                0x08004494       0x18 ./Middlewares/Third_Party/FreeRTOS/Source/portable/GCC/ARM_CM0/port.o
                0x08004494                vPortEnterCritical
 .text.vPortExitCritical
                0x080044ac       0x1c ./Middlewares/Third_Party/FreeRTOS/Source/portable/GCC/ARM_CM0/port.o
                0x080044ac                vPortExitCritical
 .text.ulSetInterruptMaskFromISR
                0x080044c8        0x8 ./Middlewares/Third_Party/FreeRTOS/Source/portable/GCC/ARM_CM0/port.o
                0x080044c8                ulSetInterruptMaskFromISR
 .text.vClearInterruptMaskFromISR
                0x080044d0        0x6 ./Middlewares/Third_Party/FreeRTOS/Source/portable/GCC/ARM_CM0/port.o
                0x080044d0                vClearInterruptMaskFromISR
 *fill*         0x080044d6        0xa 
 .text.PendSV_Handler
                0x080044e0       0x44 ./Middlewares/Third_Party/FreeRTOS/Source/portable/GCC/ARM_CM0/port.o
                0x080044e0                PendSV_Handler
 .text.xPortSysTickHandler
                0x08004524       0x24 ./Middlewares/Third_Party/FreeRTOS/Source/portable/GCC/ARM_CM0/port.o
                0x08004524                xPortSysTickHandler
 .text.prvInsertBlockIntoFreeList
                0x08004548       0x48 ./Middlewares/Third_Party/FreeRTOS/Source/portable/MemMang/heap_4.o
 .text.pvPortMalloc
                0x08004590      0x104 ./Middlewares/Third_Party/FreeRTOS/Source/portable/MemMang/heap_4.o
                0x08004590                pvPortMalloc
 .text.vPortFree
                0x08004694       0x48 ./Middlewares/Third_Party/FreeRTOS/Source/portable/MemMang/heap_4.o
                0x08004694                vPortFree
 .text.memset   0x080046dc       0x10 C:/ST/STM32CubeIDE_1.18.1/STM32CubeIDE/plugins/com.st.stm32cube.ide.mcu.externaltools.gnu-tools-for-stm32.14.3.rel1.win32_1.0.100.202602081740/tools/bin/../lib/gcc/arm-none-eabi/14.3.1/../../../../arm-none-eabi/lib/thumb/v6-m/nofp\libc_nano.a(libc_a-memset.o)
                0x080046dc                memset
 .text.__libc_init_array
                0x080046ec       0x48 C:/ST/STM32CubeIDE_1.18.1/STM32CubeIDE/plugins/com.st.stm32cube.ide.mcu.externaltools.gnu-tools-for-stm32.14.3.rel1.win32_1.0.100.202602081740/tools/bin/../lib/gcc/arm-none-eabi/14.3.1/../../../../arm-none-eabi/lib/thumb/v6-m/nofp\libc_nano.a(libc_a-init.o)
                0x080046ec                __libc_init_array
 .text.memcpy   0x08004734       0x12 C:/ST/STM32CubeIDE_1.18.1/STM32CubeIDE/plugins/com.st.stm32cube.ide.mcu.externaltools.gnu-tools-for-stm32.14.3.rel1.win32_1.0.100.202602081740/tools/bin/../lib/gcc/arm-none-eabi/14.3.1/../../../../arm-none-eabi/lib/thumb/v6-m/nofp\libc_nano.a(libc_a-memcpy-stub.o)
                0x08004734                memcpy
 *(.glue_7)
 .glue_7        0x08004746        0x0 linker stubs
 *(.glue_7t)
 .glue_7t       0x08004746        0x0 linker stubs
 *(.eh_frame)
 *fill*         0x08004746        0x2 
 .eh_frame      0x08004748        0x0 C:/ST/STM32CubeIDE_1.18.1/STM32CubeIDE/plugins/com.st.stm32cube.ide.mcu.externaltools.gnu-tools-for-stm32.14.3.rel1.win32_1.0.100.202602081740/tools/bin/../lib/gcc/arm-none-eabi/14.3.1/thumb/v6-m/nofp/crtbegin.o
 *(.init)
 .init          0x08004748        0x4 C:/ST/STM32CubeIDE_1.18.1/STM32CubeIDE/plugins/com.st.stm32cube.ide.mcu.externaltools.gnu-tools-for-stm32.14.3.rel1.win32_1.0.100.202602081740/tools/bin/../lib/gcc/arm-none-eabi/14.3.1/thumb/v6-m/nofp/crti.o
                0x08004748                _init
 .init          0x0800474c        0x8 C:/ST/STM32CubeIDE_1.18.1/STM32CubeIDE/plugins/com.st.stm32cube.ide.mcu.externaltools.gnu-tools-for-stm32.14.3.rel1.win32_1.0.100.202602081740/tools/bin/../lib/gcc/arm-none-eabi/14.3.1/thumb/v6-m/nofp/crtn.o
 *(.fini)
 .fini          0x08004754        0x4 C:/ST/STM32CubeIDE_1.18.1/STM32CubeIDE/plugins/com.st.stm32cube.ide.mcu.externaltools.gnu-tools-for-stm32.14.3.rel1.win32_1.0.100.202602081740/tools/bin/../lib/gcc/arm-none-eabi/14.3.1/thumb/v6-m/nofp/crti.o
                0x08004754                _fini
 .fini          0x08004758        0x8 C:/ST/STM32CubeIDE_1.18.1/STM32CubeIDE/plugins/com.st.stm32cube.ide.mcu.externaltools.gnu-tools-for-stm32.14.3.rel1.win32_1.0.100.202602081740/tools/bin/../lib/gcc/arm-none-eabi/14.3.1/thumb/v6-m/nofp/crtn.o
                0x08004760                        . = ALIGN (0x4)
                0x08004760                        _etext = .

.vfp11_veneer   0x08004760        0x0
 .vfp11_veneer  0x08004760        0x0 linker stubs

.v4_bx          0x08004760        0x0
 .v4_bx         0x08004760        0x0 linker stubs

.iplt           0x08004760        0x0
 .iplt          0x08004760        0x0 C:/ST/STM32CubeIDE_1.18.1/STM32CubeIDE/plugins/com.st.stm32cube.ide.mcu.externaltools.gnu-tools-for-stm32.14.3.rel1.win32_1.0.100.202602081740/tools/bin/../lib/gcc/arm-none-eabi/14.3.1/thumb/v6-m/nofp/crtbegin.o

.rodata         0x08004760      0x1a4
                0x08004760                        . = ALIGN (0x4)
 *(.rodata)
 *(.rodata*)
 .rodata.bitReverseTable256
                0x08004760      0x100 ./Core/LibrairieWS/Interface_ws2812b_driver.o
 .rodata.processTestRS485_thread.str1.1
                0x08004860       0x38 ./Core/Processus/processTestRS485.o
                                  0x2 (size before relaxing)
 .rodata.serviceRS485_initialise.str1.1
                0x08004898        0xe ./Core/Service/serviceRS485.o
 .rodata.str1.1
                0x08004898       0x16 ./Core/Src/main.o
 .rodata.TestRS485_attributes
                0x08004898       0x24 ./Core/Src/main.o
                0x08004898                TestRS485_attributes
 .rodata.AllumageLED_attributes
                0x080048bc       0x24 ./Core/Src/main.o
                0x080048bc                AllumageLED_attributes
 .rodata.PLLMulTable
                0x080048e0        0x9 ./Core/Src/system_stm32l0xx.o
                0x080048e0                PLLMulTable
 .rodata.APBPrescTable
                0x080048e9        0x8 ./Core/Src/system_stm32l0xx.o
                0x080048e9                APBPrescTable
 .rodata.AHBPrescTable
                0x080048f1       0x10 ./Core/Src/system_stm32l0xx.o
                0x080048f1                AHBPrescTable
 .rodata.vTaskStartScheduler.str1.1
                0x08004901        0x5 ./Middlewares/Third_Party/FreeRTOS/Source/tasks.o
 .rodata.prvCheckForValidListAndQueue.str1.1
                0x08004901        0x5 ./Middlewares/Third_Party/FreeRTOS/Source/timers.o
 .rodata.xTimerCreateTimerTask.str1.1
                0x08004901        0x8 ./Middlewares/Third_Party/FreeRTOS/Source/timers.o
                0x0800490c                        . = ALIGN (0x4)
 *fill*         0x08004901        0x3 

.ARM.extab      0x08004904        0x0
                0x08004904                        . = ALIGN (0x4)
 *(.ARM.extab* .gnu.linkonce.armextab.*)
                0x08004904                        . = ALIGN (0x4)

.ARM            0x08004904        0x8
                0x08004904                        . = ALIGN (0x4)
                0x08004904                        __exidx_start = .
 *(.ARM.exidx*)
 .ARM.exidx     0x08004904        0x8 C:/ST/STM32CubeIDE_1.18.1/STM32CubeIDE/plugins/com.st.stm32cube.ide.mcu.externaltools.gnu-tools-for-stm32.14.3.rel1.win32_1.0.100.202602081740/tools/bin/../lib/gcc/arm-none-eabi/14.3.1/thumb/v6-m/nofp\libgcc.a(_udivmoddi4.o)
                0x0800490c                        __exidx_end = .
                0x0800490c                        . = ALIGN (0x4)

.preinit_array  0x0800490c        0x0
                0x0800490c                        . = ALIGN (0x4)
                0x0800490c                        PROVIDE (__preinit_array_start = .)
 *(.preinit_array*)
                0x0800490c                        PROVIDE (__preinit_array_end = .)
                0x0800490c                        . = ALIGN (0x4)

.init_array     0x0800490c        0x4
                0x0800490c                        . = ALIGN (0x4)
                0x0800490c                        PROVIDE (__init_array_start = .)
 *(SORT_BY_NAME(.init_array.*))
 *(.init_array*)
 .init_array    0x0800490c        0x4 C:/ST/STM32CubeIDE_1.18.1/STM32CubeIDE/plugins/com.st.stm32cube.ide.mcu.externaltools.gnu-tools-for-stm32.14.3.rel1.win32_1.0.100.202602081740/tools/bin/../lib/gcc/arm-none-eabi/14.3.1/thumb/v6-m/nofp/crtbegin.o
                0x08004910                        PROVIDE (__init_array_end = .)
                0x08004910                        . = ALIGN (0x4)

.fini_array     0x08004910        0x4
                0x08004910                        . = ALIGN (0x4)
                [!provide]                        PROVIDE (__fini_array_start = .)
 *(SORT_BY_NAME(.fini_array.*))
 *(.fini_array*)
 .fini_array    0x08004910        0x4 C:/ST/STM32CubeIDE_1.18.1/STM32CubeIDE/plugins/com.st.stm32cube.ide.mcu.externaltools.gnu-tools-for-stm32.14.3.rel1.win32_1.0.100.202602081740/tools/bin/../lib/gcc/arm-none-eabi/14.3.1/thumb/v6-m/nofp/crtbegin.o
                [!provide]                        PROVIDE (__fini_array_end = .)
                0x08004914                        . = ALIGN (0x4)
                0x08004914                        _sidata = LOADADDR (.data)

.rel.dyn        0x08004914        0x0
 .rel.iplt      0x08004914        0x0 C:/ST/STM32CubeIDE_1.18.1/STM32CubeIDE/plugins/com.st.stm32cube.ide.mcu.externaltools.gnu-tools-for-stm32.14.3.rel1.win32_1.0.100.202602081740/tools/bin/../lib/gcc/arm-none-eabi/14.3.1/thumb/v6-m/nofp/crtbegin.o

.data           0x20000000       0x10 load address 0x08004914
                0x20000000                        . = ALIGN (0x4)
                0x20000000                        _sdata = .
 *(.data)
 *(.data*)
 .data.SystemCoreClock
                0x20000000        0x4 ./Core/Src/system_stm32l0xx.o
                0x20000000                SystemCoreClock
 .data.uwTickFreq
                0x20000004        0x1 ./Drivers/STM32L0xx_HAL_Driver/Src/stm32l0xx_hal.o
                0x20000004                uwTickFreq
 *fill*         0x20000005        0x3 
 .data.uwTickPrio
                0x20000008        0x4 ./Drivers/STM32L0xx_HAL_Driver/Src/stm32l0xx_hal.o
                0x20000008                uwTickPrio
 .data.uxCriticalNesting
                0x2000000c        0x4 ./Middlewares/Third_Party/FreeRTOS/Source/portable/GCC/ARM_CM0/port.o
 *(.RamFunc)
 *(.RamFunc*)
                0x20000010                        . = ALIGN (0x4)
                0x20000010                        _edata = .

.igot.plt       0x20000010        0x0 load address 0x08004924
 .igot.plt      0x20000010        0x0 C:/ST/STM32CubeIDE_1.18.1/STM32CubeIDE/plugins/com.st.stm32cube.ide.mcu.externaltools.gnu-tools-for-stm32.14.3.rel1.win32_1.0.100.202602081740/tools/bin/../lib/gcc/arm-none-eabi/14.3.1/thumb/v6-m/nofp/crtbegin.o
                0x20000010                        . = ALIGN (0x4)

.bss            0x20000010     0x1e10 load address 0x08004924
                0x20000010                        _sbss = .
                0x20000010                        __bss_start__ = _sbss
 *(.bss)
 .bss           0x20000010       0x1c C:/ST/STM32CubeIDE_1.18.1/STM32CubeIDE/plugins/com.st.stm32cube.ide.mcu.externaltools.gnu-tools-for-stm32.14.3.rel1.win32_1.0.100.202602081740/tools/bin/../lib/gcc/arm-none-eabi/14.3.1/thumb/v6-m/nofp/crtbegin.o
 *(.bss*)
 .bss.serviceRS485_nombreTrames
                0x2000002c        0x1 ./Core/Service/serviceRS485.o
 .bss.serviceRS485_indexEcriture
                0x2000002d        0x1 ./Core/Service/serviceRS485.o
 .bss.serviceRS485_indexLecture
                0x2000002e        0x1 ./Core/Service/serviceRS485.o
 *fill*         0x2000002f        0x1 
 .bss.serviceRS485_mutexId
                0x20000030        0x4 ./Core/Service/serviceRS485.o
 .bss.serviceRS485_fifoRx
                0x20000034       0xe0 ./Core/Service/serviceRS485.o
 .bss.ledStrip  0x20000114      0x260 ./Core/Src/main.o
                0x20000114                ledStrip
 .bss.TestRS485Handle
                0x20000374        0x4 ./Core/Src/main.o
                0x20000374                TestRS485Handle
 .bss.AllumageLEDHandle
                0x20000378        0x4 ./Core/Src/main.o
                0x20000378                AllumageLEDHandle
 .bss.huart2    0x2000037c       0x88 ./Core/Src/main.o
                0x2000037c                huart2
 .bss.hdma_tim2_ch2
                0x20000404       0x48 ./Core/Src/main.o
                0x20000404                hdma_tim2_ch2
 .bss.htim2     0x2000044c       0x40 ./Core/Src/main.o
                0x2000044c                htim2
 .bss.hi2c1     0x2000048c       0x54 ./Core/Src/main.o
                0x2000048c                hi2c1
 .bss.uwTick    0x200004e0        0x4 ./Drivers/STM32L0xx_HAL_Driver/Src/stm32l0xx_hal.o
                0x200004e0                uwTick
 .bss.Timer_Stack
                0x200004e4      0x400 ./Middlewares/Third_Party/FreeRTOS/Source/CMSIS_RTOS_V2/cmsis_os2.o
 .bss.Timer_TCB
                0x200008e4       0x5c ./Middlewares/Third_Party/FreeRTOS/Source/CMSIS_RTOS_V2/cmsis_os2.o
 .bss.Idle_Stack
                0x20000940      0x200 ./Middlewares/Third_Party/FreeRTOS/Source/CMSIS_RTOS_V2/cmsis_os2.o
 .bss.Idle_TCB  0x20000b40       0x5c ./Middlewares/Third_Party/FreeRTOS/Source/CMSIS_RTOS_V2/cmsis_os2.o
 .bss.KernelState
                0x20000b9c        0x4 ./Middlewares/Third_Party/FreeRTOS/Source/CMSIS_RTOS_V2/cmsis_os2.o
 .bss.xQueueRegistry
                0x20000ba0       0x40 ./Middlewares/Third_Party/FreeRTOS/Source/queue.o
                0x20000ba0                xQueueRegistry
 .bss.uxSchedulerSuspended
                0x20000be0        0x4 ./Middlewares/Third_Party/FreeRTOS/Source/tasks.o
 .bss.xNextTaskUnblockTime
                0x20000be4        0x4 ./Middlewares/Third_Party/FreeRTOS/Source/tasks.o
 .bss.uxTaskNumber
                0x20000be8        0x4 ./Middlewares/Third_Party/FreeRTOS/Source/tasks.o
 .bss.xNumOfOverflows
                0x20000bec        0x4 ./Middlewares/Third_Party/FreeRTOS/Source/tasks.o
 .bss.xYieldPending
                0x20000bf0        0x4 ./Middlewares/Third_Party/FreeRTOS/Source/tasks.o
 .bss.uxPendedTicks
                0x20000bf4        0x4 ./Middlewares/Third_Party/FreeRTOS/Source/tasks.o
 .bss.xSchedulerRunning
                0x20000bf8        0x4 ./Middlewares/Third_Party/FreeRTOS/Source/tasks.o
 .bss.uxTopReadyPriority
                0x20000bfc        0x4 ./Middlewares/Third_Party/FreeRTOS/Source/tasks.o
 .bss.xTickCount
                0x20000c00        0x4 ./Middlewares/Third_Party/FreeRTOS/Source/tasks.o
 .bss.uxCurrentNumberOfTasks
                0x20000c04        0x4 ./Middlewares/Third_Party/FreeRTOS/Source/tasks.o
 .bss.xSuspendedTaskList
                0x20000c08       0x14 ./Middlewares/Third_Party/FreeRTOS/Source/tasks.o
 .bss.uxDeletedTasksWaitingCleanUp
                0x20000c1c        0x4 ./Middlewares/Third_Party/FreeRTOS/Source/tasks.o
 .bss.xTasksWaitingTermination
                0x20000c20       0x14 ./Middlewares/Third_Party/FreeRTOS/Source/tasks.o
 .bss.xPendingReadyList
                0x20000c34       0x14 ./Middlewares/Third_Party/FreeRTOS/Source/tasks.o
 .bss.pxOverflowDelayedTaskList
                0x20000c48        0x4 ./Middlewares/Third_Party/FreeRTOS/Source/tasks.o
 .bss.pxDelayedTaskList
                0x20000c4c        0x4 ./Middlewares/Third_Party/FreeRTOS/Source/tasks.o
 .bss.xDelayedTaskList2
                0x20000c50       0x14 ./Middlewares/Third_Party/FreeRTOS/Source/tasks.o
 .bss.xDelayedTaskList1
                0x20000c64       0x14 ./Middlewares/Third_Party/FreeRTOS/Source/tasks.o
 .bss.pxReadyTasksLists
                0x20000c78      0x460 ./Middlewares/Third_Party/FreeRTOS/Source/tasks.o
 .bss.pxCurrentTCB
                0x200010d8        0x4 ./Middlewares/Third_Party/FreeRTOS/Source/tasks.o
                0x200010d8                pxCurrentTCB
 .bss.xStaticTimerQueue.0
                0x200010dc       0x50 ./Middlewares/Third_Party/FreeRTOS/Source/timers.o
 .bss.ucStaticTimerQueueStorage.1
                0x2000112c       0xa0 ./Middlewares/Third_Party/FreeRTOS/Source/timers.o
 .bss.xLastTime.2
                0x200011cc        0x4 ./Middlewares/Third_Party/FreeRTOS/Source/timers.o
 .bss.xTimerTaskHandle
                0x200011d0        0x4 ./Middlewares/Third_Party/FreeRTOS/Source/timers.o
 .bss.xTimerQueue
                0x200011d4        0x4 ./Middlewares/Third_Party/FreeRTOS/Source/timers.o
 .bss.pxOverflowTimerList
                0x200011d8        0x4 ./Middlewares/Third_Party/FreeRTOS/Source/timers.o
 .bss.pxCurrentTimerList
                0x200011dc        0x4 ./Middlewares/Third_Party/FreeRTOS/Source/timers.o
 .bss.xActiveTimerList2
                0x200011e0       0x14 ./Middlewares/Third_Party/FreeRTOS/Source/timers.o
 .bss.xActiveTimerList1
                0x200011f4       0x14 ./Middlewares/Third_Party/FreeRTOS/Source/timers.o
 .bss.xBlockAllocatedBit
                0x20001208        0x4 ./Middlewares/Third_Party/FreeRTOS/Source/portable/MemMang/heap_4.o
 .bss.xMinimumEverFreeBytesRemaining
                0x2000120c        0x4 ./Middlewares/Third_Party/FreeRTOS/Source/portable/MemMang/heap_4.o
 .bss.xFreeBytesRemaining
                0x20001210        0x4 ./Middlewares/Third_Party/FreeRTOS/Source/portable/MemMang/heap_4.o
 .bss.pxEnd     0x20001214        0x4 ./Middlewares/Third_Party/FreeRTOS/Source/portable/MemMang/heap_4.o
 .bss.xStart    0x20001218        0x8 ./Middlewares/Third_Party/FreeRTOS/Source/portable/MemMang/heap_4.o
 .bss.ucHeap    0x20001220      0xc00 ./Middlewares/Third_Party/FreeRTOS/Source/portable/MemMang/heap_4.o
 *(COMMON)
                0x20001e20                        . = ALIGN (0x4)
                0x20001e20                        _ebss = .
                0x20001e20                        __bss_end__ = _ebss

._user_heap_stack
                0x20001e20      0x1c0 load address 0x08004924
                0x20001e20                        . = ALIGN (0x8)
                [!provide]                        PROVIDE (end = .)
                0x20001e20                        PROVIDE (_end = .)
                0x20001fd0                        . = (. + _Min_Heap_Size)
 *fill*         0x20001e20      0x1b0 
                0x20001fe0                        . = (. + _Min_Stack_Size)
 *fill*         0x20001fd0       0x10 
                0x20001fe0                        . = ALIGN (0x8)

/DISCARD/
 libc.a(*)
 libm.a(*)
 libgcc.a(*)

.ARM.attributes
                0x00000000       0x28
 *(.ARM.attributes)
 .ARM.attributes
                0x00000000       0x1e C:/ST/STM32CubeIDE_1.18.1/STM32CubeIDE/plugins/com.st.stm32cube.ide.mcu.externaltools.gnu-tools-for-stm32.14.3.rel1.win32_1.0.100.202602081740/tools/bin/../lib/gcc/arm-none-eabi/14.3.1/thumb/v6-m/nofp/crti.o
 .ARM.attributes
                0x0000001e       0x2c C:/ST/STM32CubeIDE_1.18.1/STM32CubeIDE/plugins/com.st.stm32cube.ide.mcu.externaltools.gnu-tools-for-stm32.14.3.rel1.win32_1.0.100.202602081740/tools/bin/../lib/gcc/arm-none-eabi/14.3.1/thumb/v6-m/nofp/crtbegin.o
 .ARM.attributes
                0x0000004a       0x2c ./Core/LibrairieWS/Interface_FctWS.o
 .ARM.attributes
                0x00000076       0x2c ./Core/LibrairieWS/Interface_ws2812b_driver.o
 .ARM.attributes
                0x000000a2       0x2c ./Core/Pilote/piloteMutex.o
 .ARM.attributes
                0x000000ce       0x2c ./Core/Pilote/piloteRS485.o
 .ARM.attributes
                0x000000fa       0x2c ./Core/Pilote/pilote_thread.o
 .ARM.attributes
                0x00000126       0x2c ./Core/Processus/processTestRS485.o
 .ARM.attributes
                0x00000152       0x2c ./Core/Service/serviceRS485.o
 .ARM.attributes
                0x0000017e       0x2c ./Core/Src/main.o
 .ARM.attributes
                0x000001aa       0x2c ./Core/Src/stm32l0xx_hal_msp.o
 .ARM.attributes
                0x000001d6       0x2c ./Core/Src/stm32l0xx_it.o
 .ARM.attributes
                0x00000202       0x2c ./Core/Src/system_stm32l0xx.o
 .ARM.attributes
                0x0000022e       0x22 ./Core/Startup/startup_stm32l031k6tx.o
 .ARM.attributes
                0x00000250       0x2c ./Drivers/STM32L0xx_HAL_Driver/Src/stm32l0xx_hal.o
 .ARM.attributes
                0x0000027c       0x2c ./Drivers/STM32L0xx_HAL_Driver/Src/stm32l0xx_hal_cortex.o
 .ARM.attributes
                0x000002a8       0x2c ./Drivers/STM32L0xx_HAL_Driver/Src/stm32l0xx_hal_dma.o
 .ARM.attributes
                0x000002d4       0x2c ./Drivers/STM32L0xx_HAL_Driver/Src/stm32l0xx_hal_gpio.o
 .ARM.attributes
                0x00000300       0x2c ./Drivers/STM32L0xx_HAL_Driver/Src/stm32l0xx_hal_i2c.o
 .ARM.attributes
                0x0000032c       0x2c ./Drivers/STM32L0xx_HAL_Driver/Src/stm32l0xx_hal_i2c_ex.o
 .ARM.attributes
                0x00000358       0x2c ./Drivers/STM32L0xx_HAL_Driver/Src/stm32l0xx_hal_rcc.o
 .ARM.attributes
                0x00000384       0x2c ./Drivers/STM32L0xx_HAL_Driver/Src/stm32l0xx_hal_rcc_ex.o
 .ARM.attributes
                0x000003b0       0x2c ./Drivers/STM32L0xx_HAL_Driver/Src/stm32l0xx_hal_tim.o
 .ARM.attributes
                0x000003dc       0x2c ./Drivers/STM32L0xx_HAL_Driver/Src/stm32l0xx_hal_tim_ex.o
 .ARM.attributes
                0x00000408       0x2c ./Drivers/STM32L0xx_HAL_Driver/Src/stm32l0xx_hal_uart.o
 .ARM.attributes
                0x00000434       0x2c ./Drivers/STM32L0xx_HAL_Driver/Src/stm32l0xx_hal_uart_ex.o
 .ARM.attributes
                0x00000460       0x2c ./Middlewares/Third_Party/FreeRTOS/Source/CMSIS_RTOS_V2/cmsis_os2.o
 .ARM.attributes
                0x0000048c       0x2c ./Middlewares/Third_Party/FreeRTOS/Source/list.o
 .ARM.attributes
                0x000004b8       0x2c ./Middlewares/Third_Party/FreeRTOS/Source/queue.o
 .ARM.attributes
                0x000004e4       0x2c ./Middlewares/Third_Party/FreeRTOS/Source/tasks.o
 .ARM.attributes
                0x00000510       0x2c ./Middlewares/Third_Party/FreeRTOS/Source/timers.o
 .ARM.attributes
                0x0000053c       0x2c ./Middlewares/Third_Party/FreeRTOS/Source/portable/GCC/ARM_CM0/port.o
 .ARM.attributes
                0x00000568       0x2c ./Middlewares/Third_Party/FreeRTOS/Source/portable/MemMang/heap_4.o
 .ARM.attributes
                0x00000594       0x2c C:/ST/STM32CubeIDE_1.18.1/STM32CubeIDE/plugins/com.st.stm32cube.ide.mcu.externaltools.gnu-tools-for-stm32.14.3.rel1.win32_1.0.100.202602081740/tools/bin/../lib/gcc/arm-none-eabi/14.3.1/../../../../arm-none-eabi/lib/thumb/v6-m/nofp\libc_nano.a(libc_a-memset.o)
 .ARM.attributes
                0x000005c0       0x2c C:/ST/STM32CubeIDE_1.18.1/STM32CubeIDE/plugins/com.st.stm32cube.ide.mcu.externaltools.gnu-tools-for-stm32.14.3.rel1.win32_1.0.100.202602081740/tools/bin/../lib/gcc/arm-none-eabi/14.3.1/../../../../arm-none-eabi/lib/thumb/v6-m/nofp\libc_nano.a(libc_a-init.o)
 .ARM.attributes
                0x000005ec       0x2c C:/ST/STM32CubeIDE_1.18.1/STM32CubeIDE/plugins/com.st.stm32cube.ide.mcu.externaltools.gnu-tools-for-stm32.14.3.rel1.win32_1.0.100.202602081740/tools/bin/../lib/gcc/arm-none-eabi/14.3.1/../../../../arm-none-eabi/lib/thumb/v6-m/nofp\libc_nano.a(libc_a-memcpy-stub.o)
 .ARM.attributes
                0x00000618       0x1e C:/ST/STM32CubeIDE_1.18.1/STM32CubeIDE/plugins/com.st.stm32cube.ide.mcu.externaltools.gnu-tools-for-stm32.14.3.rel1.win32_1.0.100.202602081740/tools/bin/../lib/gcc/arm-none-eabi/14.3.1/thumb/v6-m/nofp\libgcc.a(_thumb1_case_uqi.o)
 .ARM.attributes
                0x00000636       0x1e C:/ST/STM32CubeIDE_1.18.1/STM32CubeIDE/plugins/com.st.stm32cube.ide.mcu.externaltools.gnu-tools-for-stm32.14.3.rel1.win32_1.0.100.202602081740/tools/bin/../lib/gcc/arm-none-eabi/14.3.1/thumb/v6-m/nofp\libgcc.a(_udivsi3.o)
 .ARM.attributes
                0x00000654       0x1e C:/ST/STM32CubeIDE_1.18.1/STM32CubeIDE/plugins/com.st.stm32cube.ide.mcu.externaltools.gnu-tools-for-stm32.14.3.rel1.win32_1.0.100.202602081740/tools/bin/../lib/gcc/arm-none-eabi/14.3.1/thumb/v6-m/nofp\libgcc.a(_dvmd_tls.o)
 .ARM.attributes
                0x00000672       0x1e C:/ST/STM32CubeIDE_1.18.1/STM32CubeIDE/plugins/com.st.stm32cube.ide.mcu.externaltools.gnu-tools-for-stm32.14.3.rel1.win32_1.0.100.202602081740/tools/bin/../lib/gcc/arm-none-eabi/14.3.1/thumb/v6-m/nofp\libgcc.a(_aeabi_uldivmod.o)
 .ARM.attributes
                0x00000690       0x2c C:/ST/STM32CubeIDE_1.18.1/STM32CubeIDE/plugins/com.st.stm32cube.ide.mcu.externaltools.gnu-tools-for-stm32.14.3.rel1.win32_1.0.100.202602081740/tools/bin/../lib/gcc/arm-none-eabi/14.3.1/thumb/v6-m/nofp\libgcc.a(_udivmoddi4.o)
 .ARM.attributes
                0x000006bc       0x1e C:/ST/STM32CubeIDE_1.18.1/STM32CubeIDE/plugins/com.st.stm32cube.ide.mcu.externaltools.gnu-tools-for-stm32.14.3.rel1.win32_1.0.100.202602081740/tools/bin/../lib/gcc/arm-none-eabi/14.3.1/thumb/v6-m/nofp\libgcc.a(_clzdi2.o)
 .ARM.attributes
                0x000006da       0x1e C:/ST/STM32CubeIDE_1.18.1/STM32CubeIDE/plugins/com.st.stm32cube.ide.mcu.externaltools.gnu-tools-for-stm32.14.3.rel1.win32_1.0.100.202602081740/tools/bin/../lib/gcc/arm-none-eabi/14.3.1/thumb/v6-m/nofp\libgcc.a(_clzsi2.o)
 .ARM.attributes
                0x000006f8       0x1e C:/ST/STM32CubeIDE_1.18.1/STM32CubeIDE/plugins/com.st.stm32cube.ide.mcu.externaltools.gnu-tools-for-stm32.14.3.rel1.win32_1.0.100.202602081740/tools/bin/../lib/gcc/arm-none-eabi/14.3.1/thumb/v6-m/nofp/crtn.o
OUTPUT(PWMLEDTestBoard.elf elf32-littlearm)
LOAD linker stubs
LOAD C:/ST/STM32CubeIDE_1.18.1/STM32CubeIDE/plugins/com.st.stm32cube.ide.mcu.externaltools.gnu-tools-for-stm32.14.3.rel1.win32_1.0.100.202602081740/tools/bin/../lib/gcc/arm-none-eabi/14.3.1/../../../../arm-none-eabi/lib/thumb/v6-m/nofp\libc.a
LOAD C:/ST/STM32CubeIDE_1.18.1/STM32CubeIDE/plugins/com.st.stm32cube.ide.mcu.externaltools.gnu-tools-for-stm32.14.3.rel1.win32_1.0.100.202602081740/tools/bin/../lib/gcc/arm-none-eabi/14.3.1/../../../../arm-none-eabi/lib/thumb/v6-m/nofp\libm.a
LOAD C:/ST/STM32CubeIDE_1.18.1/STM32CubeIDE/plugins/com.st.stm32cube.ide.mcu.externaltools.gnu-tools-for-stm32.14.3.rel1.win32_1.0.100.202602081740/tools/bin/../lib/gcc/arm-none-eabi/14.3.1/thumb/v6-m/nofp\libgcc.a

.comment        0x00000000       0x43
 .comment       0x00000000       0x43 ./Core/LibrairieWS/Interface_FctWS.o
                                 0x44 (size before relaxing)
 .comment       0x00000043       0x44 ./Core/LibrairieWS/Interface_ws2812b_driver.o
 .comment       0x00000043       0x44 ./Core/Pilote/piloteMutex.o
 .comment       0x00000043       0x44 ./Core/Pilote/piloteRS485.o
 .comment       0x00000043       0x44 ./Core/Pilote/pilote_thread.o
 .comment       0x00000043       0x44 ./Core/Processus/processTestRS485.o
 .comment       0x00000043       0x44 ./Core/Service/serviceRS485.o
 .comment       0x00000043       0x44 ./Core/Src/main.o
 .comment       0x00000043       0x44 ./Core/Src/stm32l0xx_hal_msp.o
 .comment       0x00000043       0x44 ./Core/Src/stm32l0xx_it.o
 .comment       0x00000043       0x44 ./Core/Src/system_stm32l0xx.o
 .comment       0x00000043       0x44 ./Drivers/STM32L0xx_HAL_Driver/Src/stm32l0xx_hal.o
 .comment       0x00000043       0x44 ./Drivers/STM32L0xx_HAL_Driver/Src/stm32l0xx_hal_cortex.o
 .comment       0x00000043       0x44 ./Drivers/STM32L0xx_HAL_Driver/Src/stm32l0xx_hal_dma.o
 .comment       0x00000043       0x44 ./Drivers/STM32L0xx_HAL_Driver/Src/stm32l0xx_hal_gpio.o
 .comment       0x00000043       0x44 ./Drivers/STM32L0xx_HAL_Driver/Src/stm32l0xx_hal_i2c.o
 .comment       0x00000043       0x44 ./Drivers/STM32L0xx_HAL_Driver/Src/stm32l0xx_hal_i2c_ex.o
 .comment       0x00000043       0x44 ./Drivers/STM32L0xx_HAL_Driver/Src/stm32l0xx_hal_rcc.o
 .comment       0x00000043       0x44 ./Drivers/STM32L0xx_HAL_Driver/Src/stm32l0xx_hal_rcc_ex.o
 .comment       0x00000043       0x44 ./Drivers/STM32L0xx_HAL_Driver/Src/stm32l0xx_hal_tim.o
 .comment       0x00000043       0x44 ./Drivers/STM32L0xx_HAL_Driver/Src/stm32l0xx_hal_tim_ex.o
 .comment       0x00000043       0x44 ./Drivers/STM32L0xx_HAL_Driver/Src/stm32l0xx_hal_uart.o
 .comment       0x00000043       0x44 ./Drivers/STM32L0xx_HAL_Driver/Src/stm32l0xx_hal_uart_ex.o
 .comment       0x00000043       0x44 ./Middlewares/Third_Party/FreeRTOS/Source/CMSIS_RTOS_V2/cmsis_os2.o
 .comment       0x00000043       0x44 ./Middlewares/Third_Party/FreeRTOS/Source/list.o
 .comment       0x00000043       0x44 ./Middlewares/Third_Party/FreeRTOS/Source/queue.o
 .comment       0x00000043       0x44 ./Middlewares/Third_Party/FreeRTOS/Source/tasks.o
 .comment       0x00000043       0x44 ./Middlewares/Third_Party/FreeRTOS/Source/timers.o
 .comment       0x00000043       0x44 ./Middlewares/Third_Party/FreeRTOS/Source/portable/GCC/ARM_CM0/port.o
 .comment       0x00000043       0x44 ./Middlewares/Third_Party/FreeRTOS/Source/portable/MemMang/heap_4.o

.debug_frame    0x00000000       0xd0
 .debug_frame   0x00000000       0x20 C:/ST/STM32CubeIDE_1.18.1/STM32CubeIDE/plugins/com.st.stm32cube.ide.mcu.externaltools.gnu-tools-for-stm32.14.3.rel1.win32_1.0.100.202602081740/tools/bin/../lib/gcc/arm-none-eabi/14.3.1/../../../../arm-none-eabi/lib/thumb/v6-m/nofp\libc_nano.a(libc_a-memset.o)
 .debug_frame   0x00000020       0x2c C:/ST/STM32CubeIDE_1.18.1/STM32CubeIDE/plugins/com.st.stm32cube.ide.mcu.externaltools.gnu-tools-for-stm32.14.3.rel1.win32_1.0.100.202602081740/tools/bin/../lib/gcc/arm-none-eabi/14.3.1/../../../../arm-none-eabi/lib/thumb/v6-m/nofp\libc_nano.a(libc_a-init.o)
 .debug_frame   0x0000004c       0x28 C:/ST/STM32CubeIDE_1.18.1/STM32CubeIDE/plugins/com.st.stm32cube.ide.mcu.externaltools.gnu-tools-for-stm32.14.3.rel1.win32_1.0.100.202602081740/tools/bin/../lib/gcc/arm-none-eabi/14.3.1/../../../../arm-none-eabi/lib/thumb/v6-m/nofp\libc_nano.a(libc_a-memcpy-stub.o)
 .debug_frame   0x00000074       0x20 C:/ST/STM32CubeIDE_1.18.1/STM32CubeIDE/plugins/com.st.stm32cube.ide.mcu.externaltools.gnu-tools-for-stm32.14.3.rel1.win32_1.0.100.202602081740/tools/bin/../lib/gcc/arm-none-eabi/14.3.1/thumb/v6-m/nofp\libgcc.a(_udivsi3.o)
 .debug_frame   0x00000094       0x3c C:/ST/STM32CubeIDE_1.18.1/STM32CubeIDE/plugins/com.st.stm32cube.ide.mcu.externaltools.gnu-tools-for-stm32.14.3.rel1.win32_1.0.100.202602081740/tools/bin/../lib/gcc/arm-none-eabi/14.3.1/thumb/v6-m/nofp\libgcc.a(_udivmoddi4.o)
